2026-06-16 15:17:10,832 [INFO] [INFO] Total jobs to process: 1
2026-06-16 15:17:10,832 [INFO] 
[JOB 1/1] enterprise/windows/excalibur-enterprise-windows-TA0001-initialaccess.json
2026-06-16 15:17:10,832 [INFO] [DRY-RUN] Would generate: enterprise/windows/excalibur-enterprise-windows-TA0001-initialaccess.json
2026-06-16 15:17:10,833 [INFO] --- SYSTEM PROMPT (first 200 chars) ---
You are an expert Red Team engineer and adversary emulation specialist at X3M.AI.
You generate Excalibur attack scripts for the Morgana Red Team platform.
Your output must be valid JSON only — no mark...
2026-06-16 15:17:10,833 [INFO] --- USER PROMPT ---
Generate a complete Excalibur pack JSON for:
- MITRE ATT&CK Domain: enterprise-attack (Enterprise)
- Tactic: TA0001 — Initial Access
- Platform: windows
- package_id: excalibur-enterprise-windows-ta0001-initialaccess
- created: 2026-06-16

Techniques to cover (cover ALL of these plus any additional applicable sub-techniques): T1078, T1189, T1190, T1091, T1195, T1199, T1566, T1200

Requirements:
- Cover ALL techniques and sub-techniques in TA0001 (Initial Access) that apply to windows.
- Use MITRE ATT&CK v15 technique list.
- Each technique/sub-technique gets exactly 1 script and 1 chain entry.
- All commands must be realistic, functional, and generate telemetry detectable by a SIEM.
- Include a "tag_categories" block with one category per technique/group of related techniques.
- Include a "prerequisites" array (max 6 items, realistic for windows).
- The "scripts" array must have at least 8 scripts (more is better — cover all sub-techniques).
- Every script must have: id, name, description, tactic, tcode, technique_name, executor, platform, required_tags, command, cleanup_command, detection_rule, sentinel_connector, package, package_id.
- Every chain must have: id, name, description, steps (array with script_id and order), package_id.

Return ONLY the JSON object. No markdown, no explanation.

2026-06-16 15:17:10,834 [INFO] 
============================================================
2026-06-16 15:17:10,834 [INFO] [SUMMARY] Jobs: 1 total
2026-06-16 15:17:10,834 [INFO]   dry_run:        1
